<html>
<body>
<pre>
<h1>µVision Build Log</h1>
<h2>Tool Versions:</h2>
IDE-Version: ¦ÌVision V5.38.0.0
Copyright (C) 2022 ARM Ltd and ARM Germany GmbH. All rights reserved.
License Information: 12 22, 23, LIC=AK1BF-6I5ZY-D3UM3-A5JDR-QM63T-XP93B
 
Tool Versions:
Toolchain:       MDK-ARM Professional  Version: 5.38.0.0
Toolchain Path:  C:\Keil_v5\ARM\ARMCLANG\Bin
C Compiler:      ArmClang.exe V6.19
Assembler:       Armasm.exe V6.19
Linker/Locator:  ArmLink.exe V6.19
Library Manager: ArmAr.exe V6.19
Hex Converter:   FromElf.exe V6.19
CPU DLL:         SARMCM3.DLL V5.38.0.0
Dialog DLL:      DCM.DLL V1.17.5.0
Target DLL:      STLink\ST-LINKIII-KEIL_SWO.dll V3.1.0.0
Dialog DLL:      TCM.DLL V1.56.4.0
 
<h2>Project:</h2>
C:\Users\pan39\Desktop\workSpace\computerFanControllor\MDK-ARM\computerFanControllor.uvprojx
Project File Date:  01/06/2023

<h2>Output:</h2>
*** Using Compiler 'V6.19', folder: 'C:\Keil_v5\ARM\ARMCLANG\Bin'
Rebuild target 'computerFanControllor'
assembling startup_stm32f103xe.s...
compiling dma.c...
compiling stm32f1xx_hal_timebase_tim.c...
compiling main.c...
compiling stm32f1xx_it.c...
compiling adc.c...
compiling stm32f1xx_hal_gpio_ex.c...
compiling gpio.c...
compiling freertos.c...
compiling stm32f1xx_hal_msp.c...
compiling usart.c...
compiling i2c.c...
compiling tim.c...
compiling stm32f1xx_hal.c...
compiling stm32f1xx_hal_rcc_ex.c...
compiling stm32f1xx_hal_adc_ex.c...
compiling stm32f1xx_hal_gpio.c...
compiling stm32f1xx_hal_rcc.c...
compiling stm32f1xx_hal_adc.c...
compiling stm32f1xx_hal_pwr.c...
compiling stm32f1xx_hal_cortex.c...
compiling stm32f1xx_hal_exti.c...
compiling stm32f1xx_hal_flash.c...
compiling stm32f1xx_hal_flash_ex.c...
compiling stm32f1xx_hal_dma.c...
compiling croutine.c...
compiling system_stm32f1xx.c...
compiling list.c...
compiling event_groups.c...
compiling timers.c...
compiling stm32f1xx_hal_tim_ex.c...
compiling stream_buffer.c...
compiling port.c...
compiling heap_4.c...
compiling callback.c...
compiling queue.c...
compiling stm32f1xx_hal_uart.c...
compiling Pid.c...
compiling tasks.c...
compiling cmsis_os.c...
compiling fan.c...
compiling shell_cmd_list.c...
compiling ring_buffer.c...
compiling shell_companion.c...
compiling ws2812b.c...
compiling computerUart.c...
../userFile/Shell/shell_ext.c(320): warning: passing arguments to a function without a prototype is deprecated in all versions of C and is not supported in C2x [-Wdeprecated-non-prototype]
        return command->data.cmd.function(params[0]);
                                         ^
../userFile/Shell/shell_ext.c(325): warning: passing arguments to a function without a prototype is deprecated in all versions of C and is not supported in C2x [-Wdeprecated-non-prototype]
        return command->data.cmd.function(params[0], params[1]);
                                         ^
../userFile/Shell/shell_ext.c(330): warning: passing arguments to a function without a prototype is deprecated in all versions of C and is not supported in C2x [-Wdeprecated-non-prototype]
        return command->data.cmd.function(params[0], params[1],
                                         ^
../userFile/Shell/shell_ext.c(336): warning: passing arguments to a function without a prototype is deprecated in all versions of C and is not supported in C2x [-Wdeprecated-non-prototype]
        return command->data.cmd.function(params[0], params[1],
                                         ^
../userFile/Shell/shell_ext.c(342): warning: passing arguments to a function without a prototype is deprecated in all versions of C and is not supported in C2x [-Wdeprecated-non-prototype]
        return command->data.cmd.function(params[0], params[1],
                                         ^
../userFile/Shell/shell_ext.c(349): warning: passing arguments to a function without a prototype is deprecated in all versions of C and is not supported in C2x [-Wdeprecated-non-prototype]
        return command->data.cmd.function(params[0], params[1],
                                         ^
../userFile/Shell/shell_ext.c(356): warning: passing arguments to a function without a prototype is deprecated in all versions of C and is not supported in C2x [-Wdeprecated-non-prototype]
        return command->data.cmd.function(params[0], params[1],
                                         ^
7 warnings generated.
compiling shell_ext.c...
compiling shell_port.c...
compiling stm32f1xx_hal_tim.c...
compiling stm32f1xx_hal_i2c.c...
../userFile/Shell/shell.c(1032): warning: passing arguments to a function without a prototype is deprecated in all versions of C and is not supported in C2x [-Wdeprecated-non-prototype]
                        ->get(((ShellNodeVarAttr *)command->data.var.value)->var) : 0;
                             ^
../userFile/Shell/shell.c(1080): warning: passing arguments to a function without a prototype is deprecated in all versions of C and is not supported in C2x [-Wdeprecated-non-prototype]
                        ->set(((ShellNodeVarAttr *)command->data.var.value)->var, value);
                             ^
../userFile/Shell/shell.c(1084): warning: passing arguments to a function without a prototype is deprecated in all versions of C and is not supported in C2x [-Wdeprecated-non-prototype]
                    ((ShellNodeVarAttr *)command->data.var.value)->set(value);
                                                                      ^
../userFile/Shell/shell.c(1191): warning: passing arguments to a function without a prototype is deprecated in all versions of C and is not supported in C2x [-Wdeprecated-non-prototype]
        returnValue = command->data.cmd.function(shell->parser.paramCount,
                                                ^
4 warnings generated.
compiling shell.c...
linking...
Program Size: Code=34568 RO-data=1384 RW-data=16 ZI-data=8144  
FromELF: creating hex file...
"computerFanControllor\computerFanControllor.axf" - 0 Error(s), 11 Warning(s).

<h2>Software Packages used:</h2>

Package Vendor: ARM
                http://www.keil.com/pack/ARM.CMSIS.5.9.0.pack
                ARM.CMSIS.5.9.0
                CMSIS (Common Microcontroller Software Interface Standard)
   * Component: CORE Version: 5.6.0

Package Vendor: Keil
                http://www.keil.com/pack/Keil.STM32F1xx_DFP.2.4.0.pack
                Keil.STM32F1xx_DFP.2.4.0
                STMicroelectronics STM32F1 Series Device Support, Drivers and Examples

<h2>Collection of Component include folders:</h2>
  ./RTE/_computerFanControllor
  C:/Users/pan39/AppData/Local/Arm/Packs/ARM/CMSIS/5.9.0/CMSIS/Core/Include
  C:/Users/pan39/AppData/Local/Arm/Packs/Keil/STM32F1xx_DFP/2.4.0/Device/Include

<h2>Collection of Component Files used:</h2>

   * Component: ARM::CMSIS:CORE:5.6.0
      Include file:  CMSIS/Core/Include/tz_context.h
Build Time Elapsed:  00:00:01
</pre>
</body>
</html>
